// Jest Snapshot v1, https://goo.gl/fbAQLP

exports[`ConfigureWhiteLabelForm component Matches the snapshot 1`] = `
<div
  style={
    Object {
      "color": "black",
      "padding": "10px",
    }
  }
>
  <div
    className="card"
  >
    <div
      className="card-header"
    >
      Contact Information
    </div>
    <div
      className="card-body"
    >
      <form
        className=""
      >
        <div
          className="form-row"
        >
          <div
            className="form-group col"
          >
            <label
              className="form-label"
              htmlFor="formGridCompanyName"
            >
              Company Name
            </label>
            <input
              className="form-control"
              id="formGridCompanyName"
              name="companyName"
              placeholder="Company Name"
            />
          </div>
          <div
            className="form-group"
          >
            <label
              className="form-label"
            >
              Phone number
            </label>
            <input
              className="form-control"
              name="phoneNumber"
              placeholder="Phone number"
            />
          </div>
        </div>
        <div
          className="form-group"
        >
          <label
            className="form-label"
          >
            Street address
          </label>
          <input
            className="form-control"
            name="streetAddress"
            placeholder="Business street address"
            value="1 Test Lane"
          />
        </div>
        <div
          className="form-row"
        >
          <div
            className="form-group col"
          >
            <label
              className="form-label"
              htmlFor="formGridCity"
            >
              City
            </label>
            <input
              className="form-control"
              id="formGridCity"
              name="city"
              placeholder="City"
            />
          </div>
          <div
            className="form-group col"
          >
            <label
              className="form-label"
              htmlFor="formGridState"
            >
              State
            </label>
            <input
              className="form-control"
              id="formGridState"
              name="state"
              placeholder="State"
            />
          </div>
          <div
            className="form-group col"
          >
            <label
              className="form-label"
              htmlFor="formGridZip"
            >
              Zip Code
            </label>
            <input
              className="form-control"
              id="formGridZip"
              name="zipCode"
              placeholder="Zip Code"
            />
          </div>
        </div>
        <div
          className="form-row"
        >
          <div
            className="form-group col"
          >
            <label
              className="form-label"
              htmlFor="formGridCountry"
            >
              Country
            </label>
            <input
              className="form-control"
              id="formGridCountry"
              name="country"
              placeholder="Country"
            />
          </div>
        </div>
        <div
          className="form-row"
        >
          <div
            className="form-group"
          >
            <div
              className="boat-image-dropzone"
              onBlur={[Function]}
              onClick={[Function]}
              onDragEnter={[Function]}
              onDragLeave={[Function]}
              onDragOver={[Function]}
              onDrop={[Function]}
              onFocus={[Function]}
              onKeyDown={[Function]}
              tabIndex={0}
            >
              <input
                accept="image/*"
                autoComplete="off"
                multiple={false}
                onChange={[Function]}
                onClick={[Function]}
                style={
                  Object {
                    "display": "none",
                  }
                }
                tabIndex={-1}
                type="file"
              />
              <p>
                Dropping a logo image here, or click to select a file to upload. The image will be scaled to fit in a rectangle of 200px wide, 100px tall.
              </p>
            </div>
            <div />
          </div>
        </div>
        <div
          className="form-row"
        >
          <div
            className="form-group col"
          >
            <button
              className="btn btn-lg btn btn-primary"
              disabled={false}
              type="submit"
            >
              Save
            </button>
          </div>
        </div>
      </form>
    </div>
  </div>
  <div
    className="card"
  >
    <div
      className="card-header"
    >
      E-Brochures
    </div>
    <div
      className="card-body"
    >
      <table
        className="table table-striped table-bordered table-hover"
      >
        <thead>
          <tr>
            <th>
              Name
            </th>
            <th>
              View
            </th>
            <th>
              Edit
            </th>
          </tr>
        </thead>
        <tbody>
          <tr>
            <td>
              test brochure
            </td>
            <td>
              <a
                className="e-brochure-link btn btn-primary"
                href="/e-brochure/1"
                onClick={[Function]}
                onKeyDown={[Function]}
              >
                View E-Brochure
              </a>
            </td>
            <td>
              <a
                className="edit-e-brochure-link btn btn-primary"
                href="/e-brochure/1/edit"
                onClick={[Function]}
                onKeyDown={[Function]}
              >
                Edit E-Brochure
              </a>
            </td>
          </tr>
        </tbody>
      </table>
      <a
        className="add-e-brochure-link btn btn-primary"
        href="/white-label/test/new-e-brochure"
        onClick={[Function]}
        onKeyDown={[Function]}
      >
        Add New E-Brochure
      </a>
    </div>
  </div>
</div>
`;
