// Jest Snapshot v1, https://goo.gl/fbAQLP

exports[`SignInForm component Matches the snapshot 1`] = `
<form
  className=""
>
  <div
    className="form-row"
    controlid="formEmail"
  >
    <label
      className="form-label col-form-label col-3"
    >
      Email
    </label>
    <div
      className="col-9"
    >
      <input
        className="form-control"
        name="email"
        placeholder="Email Address"
        type="email"
        value="test@testerson.com"
      />
    </div>
  </div>
  <div
    className="form-row"
    controlid="formPassword"
  >
    <label
      className="form-label col-form-label col-3"
    >
      Password
    </label>
    <div
      className="col-9"
    >
      <input
        className="form-control"
        name="password"
        placeholder="Password"
        type="password"
        value="aPassword"
      />
    </div>
  </div>
  <div
    className="form-row"
    controlid="formSubmit"
  >
    <div
      className="col-3"
    >
      <div
        className="pull-right"
      >
        <button
          className="btn btn-lg btn-danger"
          type="submit"
        >
          Sign In
        </button>
      </div>
    </div>
  </div>
</form>
`;
