// Jest Snapshot v1, https://goo.gl/fbAQLP

exports[`StreetAddress component Matches the snapshot 1`] = `
<div
  className="container"
>
  <div
    className="footer-address row"
  >
    <i>
      test
    </i>
    <i>
      test company
    </i>
    <i>
      (000)000-0000
    </i>
    <i>
      1 Tester Lane
    </i>
    <i>
      Test
       
      Tt
       
      Test USA
       
      00000-0000
    </i>
  </div>
</div>
`;
